// Jest Snapshot v1, https://goo.gl/fbAQLP

exports[`isEmpty - should return false if boolean false 1`] = `false`;

exports[`isEmpty - should return false if filled array 1`] = `false`;

exports[`isEmpty - should return false if filled object 1`] = `false`;

exports[`isEmpty - should return false if filled string 1`] = `false`;

exports[`isEmpty - should return true if boolean true 1`] = `true`;

exports[`isEmpty - should return true if empty array 1`] = `true`;

exports[`isEmpty - should return true if empty object 1`] = `true`;

exports[`isEmpty - should return true if empty string 1`] = `true`;

exports[`isEmpty - should return true if null 1`] = `true`;

exports[`isEmpty - should return true if undefined 1`] = `true`;
