// Jest Snapshot v1, https://goo.gl/fbAQLP

exports[`set - brazil 1`] = `"BRAZIL"`;

exports[`set - no props 1`] = `"GENERAL"`;
